// Jest Snapshot v1, https://goo.gl/fbAQLP

exports[`Calendar single mode 1`] = `
<div>
  <div
    class="adm-calendar-picker"
  />
</div>
`;
